D:\project\ai-token\ai-token-backend\src\main\java\com\aitoken\entity\TokenStat.java
D:\project\ai-token\ai-token-backend\src\main\java\com\aitoken\service\TeamService.java
D:\project\ai-token\ai-token-backend\src\main\java\com\aitoken\dto\request\ApiKeyCreateRequest.java
D:\project\ai-token\ai-token-backend\src\main\java\com\aitoken\controller\StatController.java
D:\project\ai-token\ai-token-backend\src\main\java\com\aitoken\util\AesUtil.java
D:\project\ai-token\ai-token-backend\src\main\java\com\aitoken\dto\request\UserCreateRequest.java
D:\project\ai-token\ai-token-backend\src\main\java\com\aitoken\controller\UserChannelController.java
D:\project\ai-token\ai-token-backend\src\main\java\com\aitoken\mapper\ApiKeyMapper.java
D:\project\ai-token\ai-token-backend\src\main\java\com\aitoken\service\impl\CallLogServiceImpl.java
D:\project\ai-token\ai-token-backend\src\main\java\com\aitoken\entity\ApiKey.java
D:\project\ai-token\ai-token-backend\src\main\java\com\aitoken\dto\response\ChannelInfoVO.java
D:\project\ai-token\ai-token-backend\src\main\java\com\aitoken\service\ApiKeyService.java
D:\project\ai-token\ai-token-backend\src\main\java\com\aitoken\common\Result.java
D:\project\ai-token\ai-token-backend\src\main\java\com\aitoken\controller\UserController.java
D:\project\ai-token\ai-token-backend\src\main\java\com\aitoken\dto\response\LoginResponse.java
D:\project\ai-token\ai-token-backend\src\main\java\com\aitoken\service\AiModelService.java
D:\project\ai-token\ai-token-backend\src\main\java\com\aitoken\controller\AdminGroupController.java
D:\project\ai-token\ai-token-backend\src\main\java\com\aitoken\dto\response\DashboardVO.java
D:\project\ai-token\ai-token-backend\src\main\java\com\aitoken\dto\request\RegisterRequest.java
D:\project\ai-token\ai-token-backend\src\main\java\com\aitoken\dto\response\GroupVO.java
D:\project\ai-token\ai-token-backend\src\main\java\com\aitoken\dto\request\BatchKeyAssignRequest.java
D:\project\ai-token\ai-token-backend\src\main\java\com\aitoken\service\ProxyService.java
D:\project\ai-token\ai-token-backend\src\main\java\com\aitoken\service\impl\UserServiceImpl.java
D:\project\ai-token\ai-token-backend\src\main\java\com\aitoken\service\UserService.java
D:\project\ai-token\ai-token-backend\src\main\java\com\aitoken\dto\request\ChangePasswordRequest.java
D:\project\ai-token\ai-token-backend\src\main\java\com\aitoken\AiTokenApplication.java
D:\project\ai-token\ai-token-backend\src\main\java\com\aitoken\controller\AuthController.java
D:\project\ai-token\ai-token-backend\src\main\java\com\aitoken\mapper\ChannelMapper.java
D:\project\ai-token\ai-token-backend\src\main\java\com\aitoken\service\impl\StatServiceImpl.java
D:\project\ai-token\ai-token-backend\src\main\java\com\aitoken\service\ChannelService.java
D:\project\ai-token\ai-token-backend\src\main\java\com\aitoken\entity\SysConfig.java
D:\project\ai-token\ai-token-backend\src\main\java\com\aitoken\controller\AdminApiKeyController.java
D:\project\ai-token\ai-token-backend\src\main\java\com\aitoken\service\impl\TeamServiceImpl.java
D:\project\ai-token\ai-token-backend\src\main\java\com\aitoken\dto\response\TrendVO.java
D:\project\ai-token\ai-token-backend\src\main\java\com\aitoken\controller\ModelController.java
D:\project\ai-token\ai-token-backend\src\main\java\com\aitoken\config\MybatisPlusConfig.java
D:\project\ai-token\ai-token-backend\src\main\java\com\aitoken\dto\request\ModelSaveRequest.java
D:\project\ai-token\ai-token-backend\src\main\java\com\aitoken\service\impl\GroupServiceImpl.java
D:\project\ai-token\ai-token-backend\src\main\java\com\aitoken\service\impl\ProxyServiceImpl.java
D:\project\ai-token\ai-token-backend\src\main\java\com\aitoken\mapper\TokenStatMapper.java
D:\project\ai-token\ai-token-backend\src\main\java\com\aitoken\service\impl\ChannelServiceImpl.java
D:\project\ai-token\ai-token-backend\src\main\java\com\aitoken\entity\CallLog.java
D:\project\ai-token\ai-token-backend\src\main\java\com\aitoken\controller\AdminUserMgmtController.java
D:\project\ai-token\ai-token-backend\src\main\java\com\aitoken\mapper\ChannelRechargeMapper.java
D:\project\ai-token\ai-token-backend\src\main\java\com\aitoken\util\ApiKeyUtil.java
D:\project\ai-token\ai-token-backend\src\main\java\com\aitoken\common\exception\BizException.java
D:\project\ai-token\ai-token-backend\src\main\java\com\aitoken\entity\User.java
D:\project\ai-token\ai-token-backend\src\main\java\com\aitoken\dto\request\ChannelSaveRequest.java
D:\project\ai-token\ai-token-backend\src\main\java\com\aitoken\controller\CallLogController.java
D:\project\ai-token\ai-token-backend\src\main\java\com\aitoken\common\exception\GlobalExceptionHandler.java
D:\project\ai-token\ai-token-backend\src\main\java\com\aitoken\service\impl\ApiKeyServiceImpl.java
D:\project\ai-token\ai-token-backend\src\main\java\com\aitoken\mapper\AiModelMapper.java
D:\project\ai-token\ai-token-backend\src\main\java\com\aitoken\config\StpInterfaceImpl.java
D:\project\ai-token\ai-token-backend\src\main\java\com\aitoken\controller\TeamController.java
D:\project\ai-token\ai-token-backend\src\main\java\com\aitoken\dto\request\CallLogQuery.java
D:\project\ai-token\ai-token-backend\src\main\java\com\aitoken\entity\AiModel.java
D:\project\ai-token\ai-token-backend\src\main\java\com\aitoken\mapper\CallLogMapper.java
D:\project\ai-token\ai-token-backend\src\main\java\com\aitoken\controller\ApiKeyController.java
D:\project\ai-token\ai-token-backend\src\main\java\com\aitoken\entity\ChannelRecharge.java
D:\project\ai-token\ai-token-backend\src\main\java\com\aitoken\service\CallLogService.java
D:\project\ai-token\ai-token-backend\src\main\java\com\aitoken\entity\Group.java
D:\project\ai-token\ai-token-backend\src\main\java\com\aitoken\mapper\UserMapper.java
D:\project\ai-token\ai-token-backend\src\main\java\com\aitoken\config\SaTokenConfig.java
D:\project\ai-token\ai-token-backend\src\main\java\com\aitoken\entity\Channel.java
D:\project\ai-token\ai-token-backend\src\main\java\com\aitoken\service\GroupService.java
D:\project\ai-token\ai-token-backend\src\main\java\com\aitoken\mapper\SysConfigMapper.java
D:\project\ai-token\ai-token-backend\src\main\java\com\aitoken\controller\ChannelController.java
D:\project\ai-token\ai-token-backend\src\main\java\com\aitoken\controller\MyController.java
D:\project\ai-token\ai-token-backend\src\main\java\com\aitoken\dto\response\ChannelStatVO.java
D:\project\ai-token\ai-token-backend\src\main\java\com\aitoken\controller\ProxyController.java
D:\project\ai-token\ai-token-backend\src\main\java\com\aitoken\dto\response\UserOverviewVO.java
D:\project\ai-token\ai-token-backend\src\main\java\com\aitoken\dto\request\LoginRequest.java
D:\project\ai-token\ai-token-backend\src\main\java\com\aitoken\service\impl\AiModelServiceImpl.java
D:\project\ai-token\ai-token-backend\src\main\java\com\aitoken\service\StatService.java
D:\project\ai-token\ai-token-backend\src\main\java\com\aitoken\dto\response\UserStatVO.java
D:\project\ai-token\ai-token-backend\src\main\java\com\aitoken\mapper\GroupMapper.java
